user_diskio_spi.c:86:6:SPI_Timer_On	16	static
user_diskio_spi.c:91:9:SPI_Timer_Status	8	static
user_diskio_spi.c:101:6:xchg_spi	32	static
user_diskio_spi.c:113:6:rcvr_spi_multi	32	static
user_diskio_spi.c:127:6:xmit_spi_multi	24	static
user_diskio_spi.c:144:5:wait_ready	32	static
user_diskio_spi.c:171:6:despiselect	8	static
user_diskio_spi.c:185:5:spiselect	8	static
user_diskio_spi.c:202:5:rcvr_datablock	24	static
user_diskio_spi.c:231:5:xmit_datablock	24	static
user_diskio_spi.c:259:6:send_cmd	24	static
user_diskio_spi.c:318:16:USER_SPI_initialize	32	static
user_diskio_spi.c:374:16:USER_SPI_status	16	static
user_diskio_spi.c:389:16:USER_SPI_read	24	static
user_diskio_spi.c:428:16:USER_SPI_write	24	static
user_diskio_spi.c:469:16:USER_SPI_ioctl	56	static
