main.c:88:5:main	16	static
main.c:162:6:SystemClock_Config	88	static
main.c:208:13:MX_ADC1_Init	24	static
main.c:258:13:MX_RTC_Init	72	static
main.c:338:13:MX_SPI2_Init	8	static
main.c:376:13:MX_TIM2_Init	32	static
main.c:421:13:MX_TIM3_Init	56	static
main.c:470:13:MX_TIM4_Init	48	static
main.c:519:13:MX_USART2_UART_Init	8	static
main.c:550:13:MX_DMA_Init	16	static
main.c:572:13:MX_GPIO_Init	48	static
main.c:627:6:HAL_RTC_AlarmAEventCallback	16	static
main.c:632:6:HAL_ADC_ConvCpltCallback	16	static
main.c:638:6:HAL_UARTEx_RxEventCallback	16	static
main.c:648:6:HAL_GPIO_EXTI_Callback	16	static
main.c:660:6:Error_Handler	4	static,ignoring_inline_asm
