stm32f4_hd44780.c:78:6:HD44780_Init	16	static
stm32f4_hd44780.c:134:6:HD44780_Clear	8	static
stm32f4_hd44780.c:139:6:HD44780_Puts	16	static
stm32f4_hd44780.c:160:6:HD44780_DisplayOn	8	static
stm32f4_hd44780.c:165:6:HD44780_DisplayOff	8	static
stm32f4_hd44780.c:170:6:HD44780_BlinkOn	8	static
stm32f4_hd44780.c:175:6:HD44780_BlinkOff	8	static
stm32f4_hd44780.c:180:6:HD44780_CursorOn	8	static
stm32f4_hd44780.c:185:6:HD44780_CursorOff	8	static
stm32f4_hd44780.c:190:6:HD44780_ScrollLeft	8	static
stm32f4_hd44780.c:194:6:HD44780_ScrollRight	8	static
stm32f4_hd44780.c:198:6:HD44780_CreateChar	24	static
stm32f4_hd44780.c:209:6:HD44780_PutCustom	16	static
stm32f4_hd44780.c:215:13:HD44780_Cmd	16	static
stm32f4_hd44780.c:225:13:HD44780_Data	16	static
stm32f4_hd44780.c:235:13:HD44780_Cmd4bit	16	static
stm32f4_hd44780.c:244:6:HD44780_CursorSet	24	static
stm32f4_hd44780.c:260:13:HD44780_InitPins	8	static
