main.c:87:5:main	8	static
main.c:195:6:SystemClock_Config	88	static
main.c:241:13:MX_ADC1_Init	24	static
main.c:291:13:MX_RTC_Init	72	static
main.c:371:13:MX_SPI2_Init	8	static
main.c:409:13:MX_TIM2_Init	32	static
main.c:454:13:MX_TIM3_Init	56	static
main.c:503:13:MX_TIM4_Init	48	static
main.c:552:13:MX_USART2_UART_Init	8	static
main.c:583:13:MX_DMA_Init	16	static
main.c:605:13:MX_GPIO_Init	48	static
main.c:661:6:HAL_RTC_AlarmAEventCallback	16	static
main.c:666:6:HAL_ADC_ConvCpltCallback	16	static
main.c:672:6:HAL_UARTEx_RxEventCallback	16	static
main.c:686:6:HAL_GPIO_EXTI_Callback	16	static
main.c:714:6:Error_Handler	4	static,ignoring_inline_asm
